# serializer version: 1
# name: test_snapshot_extras_metadata
  '''
  metadata-version: 2.3
  name: dep-with-extras
  version: 0.1.0
  requires-dist: fastapi[standard]>=0.115.12
  requires-dist: annotated-doc==0.0.4; extra == "pinned"
  requires-dist: annotated-types==0.7.0; extra == "pinned"
  requires-dist: anyio==4.12.1; python_full_version < "3.10" and extra == "pinned"
  requires-dist: anyio==4.13.0; ((python_full_version >= "3.14" or python_full_version == "3.13.*") or (python_full_version >= "3.10" and python_full_version < "3.13")) and extra == "pinned"
  requires-dist: certifi==2026.2.25; extra == "pinned"
  requires-dist: click==8.1.8; python_full_version < "3.10" and extra == "pinned"
  requires-dist: click==8.3.2; ((python_full_version >= "3.14" or python_full_version == "3.13.*") or (python_full_version >= "3.10" and python_full_version < "3.13")) and extra == "pinned"
  requires-dist: colorama==0.4.6; sys_platform == "win32" and extra == "pinned"
  requires-dist: dnspython==2.7.0; python_full_version < "3.10" and extra == "pinned"
  requires-dist: dnspython==2.8.0; ((python_full_version >= "3.14" or python_full_version == "3.13.*") or (python_full_version >= "3.10" and python_full_version < "3.13")) and extra == "pinned"
  requires-dist: email-validator==2.3.0; extra == "pinned"
  requires-dist: exceptiongroup==1.3.1; extra == "pinned"
  requires-dist: fastapi==0.128.8; python_full_version < "3.10" and extra == "pinned"
  requires-dist: fastapi==0.135.3; ((python_full_version >= "3.14" or python_full_version == "3.13.*") or (python_full_version >= "3.10" and python_full_version < "3.13")) and extra == "pinned"
  requires-dist: fastapi-cli==0.0.22; python_full_version < "3.10" and extra == "pinned"
  requires-dist: fastapi-cli==0.0.24; ((python_full_version >= "3.14" or python_full_version == "3.13.*") or (python_full_version >= "3.10" and python_full_version < "3.13")) and extra == "pinned"
  requires-dist: fastapi-cloud-cli==0.12.0; python_full_version < "3.10" and extra == "pinned"
  requires-dist: fastapi-cloud-cli==0.16.1; ((python_full_version >= "3.14" or python_full_version == "3.13.*") or (python_full_version >= "3.10" and python_full_version < "3.13")) and extra == "pinned"
  requires-dist: fastar==0.10.0; extra == "pinned"
  requires-dist: h11==0.16.0; extra == "pinned"
  requires-dist: httpcore==1.0.9; extra == "pinned"
  requires-dist: httptools==0.7.1; extra == "pinned"
  requires-dist: httpx==0.28.1; extra == "pinned"
  requires-dist: idna==3.11; extra == "pinned"
  requires-dist: jinja2==3.1.6; extra == "pinned"
  requires-dist: markdown-it-py==3.0.0; python_full_version < "3.10" and extra == "pinned"
  requires-dist: markdown-it-py==4.0.0; ((python_full_version >= "3.14" or python_full_version == "3.13.*") or (python_full_version >= "3.10" and python_full_version < "3.13")) and extra == "pinned"
  requires-dist: markupsafe==3.0.3; extra == "pinned"
  requires-dist: mdurl==0.1.2; extra == "pinned"
  requires-dist: pydantic==2.12.5; extra == "pinned"
  requires-dist: pydantic-core==2.41.5; extra == "pinned"
  requires-dist: pydantic-extra-types==2.11.1; extra == "pinned"
  requires-dist: pydantic-settings==2.11.0; python_full_version < "3.10" and extra == "pinned"
  requires-dist: pydantic-settings==2.13.1; ((python_full_version >= "3.14" or python_full_version == "3.13.*") or (python_full_version >= "3.10" and python_full_version < "3.13")) and extra == "pinned"
  requires-dist: pygments==2.20.0; extra == "pinned"
  requires-dist: python-dotenv==1.2.1; python_full_version < "3.10" and extra == "pinned"
  requires-dist: python-dotenv==1.2.2; ((python_full_version >= "3.14" or python_full_version == "3.13.*") or (python_full_version >= "3.10" and python_full_version < "3.13")) and extra == "pinned"
  requires-dist: python-multipart==0.0.20; python_full_version < "3.10" and extra == "pinned"
  requires-dist: python-multipart==0.0.26; ((python_full_version >= "3.14" or python_full_version == "3.13.*") or (python_full_version >= "3.10" and python_full_version < "3.13")) and extra == "pinned"
  requires-dist: pyyaml==6.0.3; extra == "pinned"
  requires-dist: rich==14.3.4; extra == "pinned"
  requires-dist: rich-toolkit==0.19.7; extra == "pinned"
  requires-dist: rignore==0.7.6; extra == "pinned"
  requires-dist: sentry-sdk==2.57.0; extra == "pinned"
  requires-dist: shellingham==1.5.4; extra == "pinned"
  requires-dist: starlette==0.49.3; python_full_version < "3.10" and extra == "pinned"
  requires-dist: starlette==1.0.0; ((python_full_version >= "3.14" or python_full_version == "3.13.*") or (python_full_version >= "3.10" and python_full_version < "3.13")) and extra == "pinned"
  requires-dist: tomli==2.4.1; extra == "pinned"
  requires-dist: typer==0.23.2; python_full_version < "3.10" and extra == "pinned"
  requires-dist: typer==0.24.1; ((python_full_version >= "3.14" or python_full_version == "3.13.*") or (python_full_version >= "3.10" and python_full_version < "3.13")) and extra == "pinned"
  requires-dist: typing-extensions==4.15.0; extra == "pinned"
  requires-dist: typing-inspection==0.4.2; extra == "pinned"
  requires-dist: urllib3==2.6.3; extra == "pinned"
  requires-dist: uvicorn==0.39.0; python_full_version < "3.10" and extra == "pinned"
  requires-dist: uvicorn==0.44.0; ((python_full_version >= "3.14" or python_full_version == "3.13.*") or (python_full_version >= "3.10" and python_full_version < "3.13")) and extra == "pinned"
  requires-dist: uvloop==0.22.1; ((platform_python_implementation != "PyPy" and sys_platform != "cygwin") and sys_platform != "win32") and extra == "pinned"
  requires-dist: watchfiles==1.1.1; extra == "pinned"
  requires-dist: websockets==15.0.1; python_full_version < "3.10" and extra == "pinned"
  requires-dist: websockets==16.0; ((python_full_version >= "3.14" or python_full_version == "3.13.*") or (python_full_version >= "3.10" and python_full_version < "3.13")) and extra == "pinned"
  provides-extra: pinned
  
  
  '''
# ---
# name: test_snapshot_project_metadata
  '''
  metadata-version: 2.3
  name: project
  version: 0.1.0
  requires-dist: anyio>=4.5.2
  requires-dist: boto3>=1.36.15
  requires-dist: colorama; sys_platform == "win32"
  requires-dist: exceptiongroup>=1.2.2
  requires-dist: importlib-resources; python_version < "3.10"
  requires-dist: fastapi>=0.115.8
  requires-dist: pytest>=8; python_version >= "3.13" and extra == "dev"
  requires-dist: pytest<8,>=7; python_version < "3.13" and extra == "dev"
  requires-dist: annotated-doc==0.0.4; extra == "pinned"
  requires-dist: annotated-types==0.7.0; extra == "pinned"
  requires-dist: anyio==4.5.2; python_full_version < "3.9" and extra == "pinned"
  requires-dist: anyio==4.12.1; python_full_version == "3.9.*" and extra == "pinned"
  requires-dist: anyio==4.13.0; (python_full_version >= "3.13" or (python_full_version >= "3.10" and python_full_version < "3.13")) and extra == "pinned"
  requires-dist: boto3==1.37.38; python_full_version < "3.9" and extra == "pinned"
  requires-dist: boto3==1.42.88; ((python_full_version >= "3.13" or (python_full_version >= "3.10" and python_full_version < "3.13")) or python_full_version == "3.9.*") and extra == "pinned"
  requires-dist: botocore==1.37.38; python_full_version < "3.9" and extra == "pinned"
  requires-dist: botocore==1.42.88; ((python_full_version >= "3.13" or (python_full_version >= "3.10" and python_full_version < "3.13")) or python_full_version == "3.9.*") and extra == "pinned"
  requires-dist: colorama==0.4.6; sys_platform == "win32" and extra == "pinned"
  requires-dist: exceptiongroup==1.3.1; extra == "pinned"
  requires-dist: fastapi==0.124.4; python_full_version < "3.9" and extra == "pinned"
  requires-dist: fastapi==0.128.8; python_full_version == "3.9.*" and extra == "pinned"
  requires-dist: fastapi==0.135.3; (python_full_version >= "3.13" or (python_full_version >= "3.10" and python_full_version < "3.13")) and extra == "pinned"
  requires-dist: idna==3.11; extra == "pinned"
  requires-dist: importlib-resources==6.4.5; (python_version < "3.10" and python_full_version < "3.9") and extra == "pinned"
  requires-dist: importlib-resources==6.5.2; (python_version < "3.10" and python_full_version == "3.9.*") and extra == "pinned"
  requires-dist: jmespath==1.0.1; python_full_version < "3.9" and extra == "pinned"
  requires-dist: jmespath==1.1.0; ((python_full_version >= "3.13" or (python_full_version >= "3.10" and python_full_version < "3.13")) or python_full_version == "3.9.*") and extra == "pinned"
  requires-dist: pydantic==2.10.6; python_full_version < "3.9" and extra == "pinned"
  requires-dist: pydantic==2.12.5; ((python_full_version >= "3.13" or (python_full_version >= "3.10" and python_full_version < "3.13")) or python_full_version == "3.9.*") and extra == "pinned"
  requires-dist: pydantic-core==2.27.2; python_full_version < "3.9" and extra == "pinned"
  requires-dist: pydantic-core==2.41.5; ((python_full_version >= "3.13" or (python_full_version >= "3.10" and python_full_version < "3.13")) or python_full_version == "3.9.*") and extra == "pinned"
  requires-dist: python-dateutil==2.9.0.post0; extra == "pinned"
  requires-dist: s3transfer==0.11.5; python_full_version < "3.9" and extra == "pinned"
  requires-dist: s3transfer==0.16.0; ((python_full_version >= "3.13" or (python_full_version >= "3.10" and python_full_version < "3.13")) or python_full_version == "3.9.*") and extra == "pinned"
  requires-dist: six==1.17.0; extra == "pinned"
  requires-dist: sniffio==1.3.1; extra == "pinned"
  requires-dist: starlette==0.44.0; python_full_version < "3.9" and extra == "pinned"
  requires-dist: starlette==0.49.3; python_full_version == "3.9.*" and extra == "pinned"
  requires-dist: starlette==1.0.0; (python_full_version >= "3.13" or (python_full_version >= "3.10" and python_full_version < "3.13")) and extra == "pinned"
  requires-dist: typing-extensions==4.13.2; python_full_version < "3.9" and extra == "pinned"
  requires-dist: typing-extensions==4.15.0; ((python_full_version >= "3.13" or (python_full_version >= "3.10" and python_full_version < "3.13")) or python_full_version == "3.9.*") and extra == "pinned"
  requires-dist: typing-inspection==0.4.2; extra == "pinned"
  requires-dist: urllib3==1.26.20; (python_full_version == "3.9.*" or python_full_version < "3.9") and extra == "pinned"
  requires-dist: urllib3==2.6.3; (python_full_version >= "3.13" or (python_full_version >= "3.10" and python_full_version < "3.13")) and extra == "pinned"
  requires-dist: zipp==3.20.2; (python_version < "3.10" and python_full_version < "3.9") and extra == "pinned"
  requires-dist: zipp==3.23.0; (python_version < "3.10" and python_full_version == "3.9.*") and extra == "pinned"
  provides-extra: dev
  provides-extra: pinned
  
  
  '''
# ---
# name: test_snapshot_requests_metadata
  '''
  metadata-version: 2.3
  name: requests
  version: 0.1.0
  requires-dist: requests~=2.32
  requires-dist: requests-cache~=1.2
  requires-dist: attrs==26.1.0; extra == "pinned"
  requires-dist: cattrs==26.1.0; extra == "pinned"
  requires-dist: certifi==2026.2.25; extra == "pinned"
  requires-dist: charset-normalizer==3.4.7; extra == "pinned"
  requires-dist: exceptiongroup==1.3.1; extra == "pinned"
  requires-dist: idna==3.11; extra == "pinned"
  requires-dist: platformdirs==4.9.6; extra == "pinned"
  requires-dist: requests==2.33.1; extra == "pinned"
  requires-dist: requests-cache==1.3.1; extra == "pinned"
  requires-dist: typing-extensions==4.15.0; extra == "pinned"
  requires-dist: url-normalize==2.2.1; extra == "pinned"
  requires-dist: urllib3==2.6.3; extra == "pinned"
  provides-extra: pinned
  
  
  '''
# ---
